current directory: /home/omar/iti/Ruby/new-rails-asyut/vendor/bundle/ruby/3.2.0/gems/bcrypt_pbkdf-1.1.1/ext/mri
/home/omar/.asdf/installs/ruby/3.2.6/bin/ruby extconf.rb
creating Makefile

current directory: /home/omar/iti/Ruby/new-rails-asyut/vendor/bundle/ruby/3.2.0/gems/bcrypt_pbkdf-1.1.1/ext/mri
make DESTDIR\= sitearchdir\=./.gem.20250526-193453-d8nfsp sitelibdir\=./.gem.20250526-193453-d8nfsp clean

current directory: /home/omar/iti/Ruby/new-rails-asyut/vendor/bundle/ruby/3.2.0/gems/bcrypt_pbkdf-1.1.1/ext/mri
make DESTDIR\= sitearchdir\=./.gem.20250526-193453-d8nfsp sitelibdir\=./.gem.20250526-193453-d8nfsp
compiling bcrypt_pbkdf.c
compiling bcrypt_pbkdf_ext.c
bcrypt_pbkdf_ext.c: In function ‘Init_bcrypt_pbkdf_ext’:
bcrypt_pbkdf_ext.c:38:6: warning: old-style function definition [-Wold-style-definition]
   38 | void Init_bcrypt_pbkdf_ext(){
      |      ^~~~~~~~~~~~~~~~~~~~~
At top level:
cc1: note: unrecognized command-line option ‘-Wno-self-assign’ may have been intended to silence earlier diagnostics
cc1: note: unrecognized command-line option ‘-Wno-parentheses-equality’ may have been intended to silence earlier diagnostics
cc1: note: unrecognized command-line option ‘-Wno-constant-logical-operand’ may have been intended to silence earlier diagnostics
compiling blowfish.c
compiling explicit_bzero.c
compiling hash_sha512.c
linking shared-object bcrypt_pbkdf_ext.so

current directory: /home/omar/iti/Ruby/new-rails-asyut/vendor/bundle/ruby/3.2.0/gems/bcrypt_pbkdf-1.1.1/ext/mri
make DESTDIR\= sitearchdir\=./.gem.20250526-193453-d8nfsp sitelibdir\=./.gem.20250526-193453-d8nfsp install
/usr/bin/install -c -m 0755 bcrypt_pbkdf_ext.so ./.gem.20250526-193453-d8nfsp

current directory: /home/omar/iti/Ruby/new-rails-asyut/vendor/bundle/ruby/3.2.0/gems/bcrypt_pbkdf-1.1.1/ext/mri
make DESTDIR\= sitearchdir\=./.gem.20250526-193453-d8nfsp sitelibdir\=./.gem.20250526-193453-d8nfsp clean
